// Jest Snapshot v1, https://goo.gl/fbAQLP

exports[`should render navbar 1`] = `
<div
  className="nav"
/>
`;
