// Jest Snapshot v1, https://goo.gl/fbAQLP

exports[`Test CourseList Component should render 1`] = `undefined`;
