// Jest Snapshot v1, https://goo.gl/fbAQLP

exports[`Testing Navbar Component should render navbar 1`] = `
<div
  className="nav"
/>
`;
